Archive member included to satisfy reference by file (symbol)

d:/new folder/7.0/toolchain/avr8/avr8-gnu-toolchain/bin/../lib/gcc/avr/5.4.0/avr5\libgcc.a(_divmodsi4.o)
                              serialio.o (__divmodsi4)
d:/new folder/7.0/toolchain/avr8/avr8-gnu-toolchain/bin/../lib/gcc/avr/5.4.0/avr5\libgcc.a(_negsi2.o)
                              d:/new folder/7.0/toolchain/avr8/avr8-gnu-toolchain/bin/../lib/gcc/avr/5.4.0/avr5\libgcc.a(_divmodsi4.o) (__negsi2)
d:/new folder/7.0/toolchain/avr8/avr8-gnu-toolchain/bin/../lib/gcc/avr/5.4.0/avr5\libgcc.a(_exit.o)
                              D:/New folder/7.0/Packs/atmel/ATmega_DFP/1.3.300/gcc/dev/atmega324a/avr5/crtatmega324a.o (exit)
d:/new folder/7.0/toolchain/avr8/avr8-gnu-toolchain/bin/../lib/gcc/avr/5.4.0/avr5\libgcc.a(_tablejump2.o)
                              game.o (__tablejump2__)
d:/new folder/7.0/toolchain/avr8/avr8-gnu-toolchain/bin/../lib/gcc/avr/5.4.0/avr5\libgcc.a(_copy_data.o)
                              game.o (__do_copy_data)
d:/new folder/7.0/toolchain/avr8/avr8-gnu-toolchain/bin/../lib/gcc/avr/5.4.0/avr5\libgcc.a(_clear_bss.o)
                              buttons.o (__do_clear_bss)
d:/new folder/7.0/toolchain/avr8/avr8-gnu-toolchain/bin/../lib/gcc/avr/5.4.0/avr5\libgcc.a(_udivmodsi4.o)
                              d:/new folder/7.0/toolchain/avr8/avr8-gnu-toolchain/bin/../lib/gcc/avr/5.4.0/avr5\libgcc.a(_divmodsi4.o) (__udivmodsi4)
d:/new folder/7.0/toolchain/avr8/avr8-gnu-toolchain/bin/../lib/gcc/avr/5.4.0/../../../../avr/lib/avr5\libc.a(random.o)
                              game.o (random)
d:/new folder/7.0/toolchain/avr8/avr8-gnu-toolchain/bin/../lib/gcc/avr/5.4.0/../../../../avr/lib/avr5\libc.a(fgetc.o)
                              project.o (fgetc)
d:/new folder/7.0/toolchain/avr8/avr8-gnu-toolchain/bin/../lib/gcc/avr/5.4.0/../../../../avr/lib/avr5\libc.a(iob.o)
                              project.o (__iob)
d:/new folder/7.0/toolchain/avr8/avr8-gnu-toolchain/bin/../lib/gcc/avr/5.4.0/../../../../avr/lib/avr5\libc.a(printf.o)
                              game.o (printf)
d:/new folder/7.0/toolchain/avr8/avr8-gnu-toolchain/bin/../lib/gcc/avr/5.4.0/../../../../avr/lib/avr5\libc.a(printf_p.o)
                              project.o (printf_P)
d:/new folder/7.0/toolchain/avr8/avr8-gnu-toolchain/bin/../lib/gcc/avr/5.4.0/../../../../avr/lib/avr5\libc.a(putchar.o)
                              game.o (putchar)
d:/new folder/7.0/toolchain/avr8/avr8-gnu-toolchain/bin/../lib/gcc/avr/5.4.0/../../../../avr/lib/avr5\libc.a(puts.o)
                              game.o (puts)
d:/new folder/7.0/toolchain/avr8/avr8-gnu-toolchain/bin/../lib/gcc/avr/5.4.0/../../../../avr/lib/avr5\libc.a(vfprintf_std.o)
                              d:/new folder/7.0/toolchain/avr8/avr8-gnu-toolchain/bin/../lib/gcc/avr/5.4.0/../../../../avr/lib/avr5\libc.a(printf.o) (vfprintf)
d:/new folder/7.0/toolchain/avr8/avr8-gnu-toolchain/bin/../lib/gcc/avr/5.4.0/../../../../avr/lib/avr5\libc.a(strnlen_P.o)
                              d:/new folder/7.0/toolchain/avr8/avr8-gnu-toolchain/bin/../lib/gcc/avr/5.4.0/../../../../avr/lib/avr5\libc.a(vfprintf_std.o) (strnlen_P)
d:/new folder/7.0/toolchain/avr8/avr8-gnu-toolchain/bin/../lib/gcc/avr/5.4.0/../../../../avr/lib/avr5\libc.a(strnlen.o)
                              d:/new folder/7.0/toolchain/avr8/avr8-gnu-toolchain/bin/../lib/gcc/avr/5.4.0/../../../../avr/lib/avr5\libc.a(vfprintf_std.o) (strnlen)
d:/new folder/7.0/toolchain/avr8/avr8-gnu-toolchain/bin/../lib/gcc/avr/5.4.0/../../../../avr/lib/avr5\libc.a(fputc.o)
                              d:/new folder/7.0/toolchain/avr8/avr8-gnu-toolchain/bin/../lib/gcc/avr/5.4.0/../../../../avr/lib/avr5\libc.a(putchar.o) (fputc)
d:/new folder/7.0/toolchain/avr8/avr8-gnu-toolchain/bin/../lib/gcc/avr/5.4.0/../../../../avr/lib/avr5\libc.a(ultoa_invert.o)
                              d:/new folder/7.0/toolchain/avr8/avr8-gnu-toolchain/bin/../lib/gcc/avr/5.4.0/../../../../avr/lib/avr5\libc.a(vfprintf_std.o) (__ultoa_invert)
d:/new folder/7.0/toolchain/avr8/avr8-gnu-toolchain/bin/../lib/gcc/avr/5.4.0/avr5\libgcc.a(_muluhisi3.o)
                              d:/new folder/7.0/toolchain/avr8/avr8-gnu-toolchain/bin/../lib/gcc/avr/5.4.0/../../../../avr/lib/avr5\libc.a(random.o) (__muluhisi3)
d:/new folder/7.0/toolchain/avr8/avr8-gnu-toolchain/bin/../lib/gcc/avr/5.4.0/avr5\libgcc.a(_mulshisi3.o)
                              d:/new folder/7.0/toolchain/avr8/avr8-gnu-toolchain/bin/../lib/gcc/avr/5.4.0/../../../../avr/lib/avr5\libc.a(random.o) (__mulohisi3)
d:/new folder/7.0/toolchain/avr8/avr8-gnu-toolchain/bin/../lib/gcc/avr/5.4.0/avr5\libgcc.a(_prologue.o)
                              d:/new folder/7.0/toolchain/avr8/avr8-gnu-toolchain/bin/../lib/gcc/avr/5.4.0/../../../../avr/lib/avr5\libc.a(printf.o) (__prologue_saves__)
d:/new folder/7.0/toolchain/avr8/avr8-gnu-toolchain/bin/../lib/gcc/avr/5.4.0/avr5\libgcc.a(_epilogue.o)
                              d:/new folder/7.0/toolchain/avr8/avr8-gnu-toolchain/bin/../lib/gcc/avr/5.4.0/../../../../avr/lib/avr5\libc.a(printf.o) (__epilogue_restores__)
d:/new folder/7.0/toolchain/avr8/avr8-gnu-toolchain/bin/../lib/gcc/avr/5.4.0/avr5\libgcc.a(_umulhisi3.o)
                              d:/new folder/7.0/toolchain/avr8/avr8-gnu-toolchain/bin/../lib/gcc/avr/5.4.0/avr5\libgcc.a(_muluhisi3.o) (__umulhisi3)

Allocating common symbols
Common symbol       size              file

high_score          0x4               score.o
out_insert_pos      0x1               serialio.o
bytes_in_out_buffer
                    0x1               serialio.o
out_buffer          0xff              serialio.o
input_insert_pos    0x1               serialio.o
score               0x4               score.o
input_buffer        0x10              serialio.o
input_overrun       0x1               serialio.o
__iob               0x6               d:/new folder/7.0/toolchain/avr8/avr8-gnu-toolchain/bin/../lib/gcc/avr/5.4.0/../../../../avr/lib/avr5\libc.a(iob.o)
bytes_in_input_buffer
                    0x1               serialio.o

Discarded input sections

 .data          0x00000000        0x0 D:/New folder/7.0/Packs/atmel/ATmega_DFP/1.3.300/gcc/dev/atmega324a/avr5/crtatmega324a.o
 .bss           0x00000000        0x0 D:/New folder/7.0/Packs/atmel/ATmega_DFP/1.3.300/gcc/dev/atmega324a/avr5/crtatmega324a.o
 .text          0x00000000        0x0 buttons.o
 .data          0x00000000        0x0 buttons.o
 .bss           0x00000000        0x0 buttons.o
 .text          0x00000000        0x0 game.o
 .data          0x00000000        0x0 game.o
 .bss           0x00000000        0x0 game.o
 .text.set_lives
                0x00000000       0x18 game.o
 .text          0x00000000        0x0 joystick.o
 .data          0x00000000        0x0 joystick.o
 .bss           0x00000000        0x0 joystick.o
 .text.initialise_joystick
                0x00000000        0xe joystick.o
 .debug_info    0x00000000       0xa4 joystick.o
 .debug_abbrev  0x00000000       0x5e joystick.o
 .debug_aranges
                0x00000000       0x20 joystick.o
 .debug_ranges  0x00000000       0x10 joystick.o
 .debug_line    0x00000000       0x95 joystick.o
 .debug_str     0x00000000      0x198 joystick.o
 .comment       0x00000000       0x31 joystick.o
 .debug_frame   0x00000000       0x24 joystick.o
 .text          0x00000000        0x0 ledmatrix.o
 .data          0x00000000        0x0 ledmatrix.o
 .bss           0x00000000        0x0 ledmatrix.o
 .text.ledmatrix_update_all
                0x00000000       0x58 ledmatrix.o
 .text.ledmatrix_update_pixel
                0x00000000       0x3e ledmatrix.o
 .text.ledmatrix_update_row
                0x00000000       0x3a ledmatrix.o
 .text.ledmatrix_shift_display_right
                0x00000000        0xe ledmatrix.o
 .text.ledmatrix_shift_display_up
                0x00000000        0xe ledmatrix.o
 .text.ledmatrix_shift_display_down
                0x00000000        0xe ledmatrix.o
 .text.copy_matrix_column
                0x00000000       0x18 ledmatrix.o
 .text.copy_matrix_row
                0x00000000       0x18 ledmatrix.o
 .text.set_matrix_column_to_colour
                0x00000000        0xe ledmatrix.o
 .text.set_matrix_row_to_colour
                0x00000000        0xe ledmatrix.o
 .text          0x00000000        0x0 project.o
 .data          0x00000000        0x0 project.o
 .bss           0x00000000        0x0 project.o
 .text.set_disp_lives
                0x00000000       0x14 project.o
 .text          0x00000000        0x0 score.o
 .data          0x00000000        0x0 score.o
 .bss           0x00000000        0x0 score.o
 .text          0x00000000        0x0 scrolling_char_display.o
 .data          0x00000000        0x0 scrolling_char_display.o
 .bss           0x00000000        0x0 scrolling_char_display.o
 .text          0x00000000        0x0 serialio.o
 .data          0x00000000        0x0 serialio.o
 .bss           0x00000000        0x0 serialio.o
 .text          0x00000000        0x0 spi.o
 .data          0x00000000        0x0 spi.o
 .bss           0x00000000        0x0 spi.o
 .text          0x00000000        0x0 terminalio.o
 .data          0x00000000        0x0 terminalio.o
 .bss           0x00000000        0x0 terminalio.o
 .text.move_cursor_up
                0x00000000       0x12 terminalio.o
 .text.move_cursor_down
                0x00000000       0x12 terminalio.o
 .text.move_cursor_left
                0x00000000       0x12 terminalio.o
 .text.move_cursor_right
                0x00000000       0x12 terminalio.o
 .text.reverse_video
                0x00000000       0x12 terminalio.o
 .text.clear_to_end_of_line
                0x00000000       0x12 terminalio.o
 .text.show_cursor
                0x00000000       0x12 terminalio.o
 .text.enable_scrolling_for_whole_display
                0x00000000       0x12 terminalio.o
 .text.set_scroll_region
                0x00000000       0x32 terminalio.o
 .text.scroll_down
                0x00000000       0x12 terminalio.o
 .text.scroll_up
                0x00000000       0x12 terminalio.o
 .text.draw_horizontal_line
                0x00000000       0x3a terminalio.o
 .text.draw_vertical_line
                0x00000000       0x58 terminalio.o
 .progmem.data.__c.2124
                0x00000000        0x7 terminalio.o
 .progmem.data.__c.2107
                0x00000000        0x3 terminalio.o
 .progmem.data.__c.2102
                0x00000000        0x3 terminalio.o
 .progmem.data.__c.2097
                0x00000000        0x9 terminalio.o
 .progmem.data.__c.2091
                0x00000000        0x4 terminalio.o
 .progmem.data.__c.2086
                0x00000000        0x7 terminalio.o
 .progmem.data.__c.2073
                0x00000000        0x4 terminalio.o
 .progmem.data.__c.2063
                0x00000000        0x5 terminalio.o
 .progmem.data.__c.2053
                0x00000000        0x5 terminalio.o
 .progmem.data.__c.2048
                0x00000000        0x5 terminalio.o
 .progmem.data.__c.2043
                0x00000000        0x5 terminalio.o
 .progmem.data.__c.2038
                0x00000000        0x5 terminalio.o
 .text          0x00000000        0x0 timer0.o
 .data          0x00000000        0x0 timer0.o
 .bss           0x00000000        0x0 timer0.o
 .text          0x00000000        0x0 d:/new folder/7.0/toolchain/avr8/avr8-gnu-toolchain/bin/../lib/gcc/avr/5.4.0/avr5\libgcc.a(_divmodsi4.o)
 .data          0x00000000        0x0 d:/new folder/7.0/toolchain/avr8/avr8-gnu-toolchain/bin/../lib/gcc/avr/5.4.0/avr5\libgcc.a(_divmodsi4.o)
 .bss           0x00000000        0x0 d:/new folder/7.0/toolchain/avr8/avr8-gnu-toolchain/bin/../lib/gcc/avr/5.4.0/avr5\libgcc.a(_divmodsi4.o)
 .text.libgcc.mul
                0x00000000        0x0 d:/new folder/7.0/toolchain/avr8/avr8-gnu-toolchain/bin/../lib/gcc/avr/5.4.0/avr5\libgcc.a(_divmodsi4.o)
 .text.libgcc   0x00000000        0x0 d:/new folder/7.0/toolchain/avr8/avr8-gnu-toolchain/bin/../lib/gcc/avr/5.4.0/avr5\libgcc.a(_divmodsi4.o)
 .text.libgcc.prologue
                0x00000000        0x0 d:/new folder/7.0/toolchain/avr8/avr8-gnu-toolchain/bin/../lib/gcc/avr/5.4.0/avr5\libgcc.a(_divmodsi4.o)
 .text.libgcc.builtins
                0x00000000        0x0 d:/new folder/7.0/toolchain/avr8/avr8-gnu-toolchain/bin/../lib/gcc/avr/5.4.0/avr5\libgcc.a(_divmodsi4.o)
 .text.libgcc.fmul
                0x00000000        0x0 d:/new folder/7.0/toolchain/avr8/avr8-gnu-toolchain/bin/../lib/gcc/avr/5.4.0/avr5\libgcc.a(_divmodsi4.o)
 .text.libgcc.fixed
                0x00000000        0x0 d:/new folder/7.0/toolchain/avr8/avr8-gnu-toolchain/bin/../lib/gcc/avr/5.4.0/avr5\libgcc.a(_divmodsi4.o)
 .text          0x00000000        0x0 d:/new folder/7.0/toolchain/avr8/avr8-gnu-toolchain/bin/../lib/gcc/avr/5.4.0/avr5\libgcc.a(_negsi2.o)
 .data          0x00000000        0x0 d:/new folder/7.0/toolchain/avr8/avr8-gnu-toolchain/bin/../lib/gcc/avr/5.4.0/avr5\libgcc.a(_negsi2.o)
 .bss           0x00000000        0x0 d:/new folder/7.0/toolchain/avr8/avr8-gnu-toolchain/bin/../lib/gcc/avr/5.4.0/avr5\libgcc.a(_negsi2.o)
 .text.libgcc.mul
                0x00000000        0x0 d:/new folder/7.0/toolchain/avr8/avr8-gnu-toolchain/bin/../lib/gcc/avr/5.4.0/avr5\libgcc.a(_negsi2.o)
 .text.libgcc   0x00000000        0x0 d:/new folder/7.0/toolchain/avr8/avr8-gnu-toolchain/bin/../lib/gcc/avr/5.4.0/avr5\libgcc.a(_negsi2.o)
 .text.libgcc.prologue
                0x00000000        0x0 d:/new folder/7.0/toolchain/avr8/avr8-gnu-toolchain/bin/../lib/gcc/avr/5.4.0/avr5\libgcc.a(_negsi2.o)
 .text.libgcc.builtins
                0x00000000        0x0 d:/new folder/7.0/toolchain/avr8/avr8-gnu-toolchain/bin/../lib/gcc/avr/5.4.0/avr5\libgcc.a(_negsi2.o)
 .text.libgcc.fmul
                0x00000000        0x0 d:/new folder/7.0/toolchain/avr8/avr8-gnu-toolchain/bin/../lib/gcc/avr/5.4.0/avr5\libgcc.a(_negsi2.o)
 .text.libgcc.fixed
                0x00000000        0x0 d:/new folder/7.0/toolchain/avr8/avr8-gnu-toolchain/bin/../lib/gcc/avr/5.4.0/avr5\libgcc.a(_negsi2.o)
 .text          0x00000000        0x0 d:/new folder/7.0/toolchain/avr8/avr8-gnu-toolchain/bin/../lib/gcc/avr/5.4.0/avr5\libgcc.a(_exit.o)
 .data          0x00000000        0x0 d:/new folder/7.0/toolchain/avr8/avr8-gnu-toolchain/bin/../lib/gcc/avr/5.4.0/avr5\libgcc.a(_exit.o)
 .bss           0x00000000        0x0 d:/new folder/7.0/toolchain/avr8/avr8-gnu-toolchain/bin/../lib/gcc/avr/5.4.0/avr5\libgcc.a(_exit.o)
 .text.libgcc.mul
                0x00000000        0x0 d:/new folder/7.0/toolchain/avr8/avr8-gnu-toolchain/bin/../lib/gcc/avr/5.4.0/avr5\libgcc.a(_exit.o)
 .text.libgcc.div
                0x00000000        0x0 d:/new folder/7.0/toolchain/avr8/avr8-gnu-toolchain/bin/../lib/gcc/avr/5.4.0/avr5\libgcc.a(_exit.o)
 .text.libgcc   0x00000000        0x0 d:/new folder/7.0/toolchain/avr8/avr8-gnu-toolchain/bin/../lib/gcc/avr/5.4.0/avr5\libgcc.a(_exit.o)
 .text.libgcc.prologue
                0x00000000        0x0 d:/new folder/7.0/toolchain/avr8/avr8-gnu-toolchain/bin/../lib/gcc/avr/5.4.0/avr5\libgcc.a(_exit.o)
 .text.libgcc.builtins
                0x00000000        0x0 d:/new folder/7.0/toolchain/avr8/avr8-gnu-toolchain/bin/../lib/gcc/avr/5.4.0/avr5\libgcc.a(_exit.o)
 .text.libgcc.fmul
                0x00000000        0x0 d:/new folder/7.0/toolchain/avr8/avr8-gnu-toolchain/bin/../lib/gcc/avr/5.4.0/avr5\libgcc.a(_exit.o)
 .text.libgcc.fixed
                0x00000000        0x0 d:/new folder/7.0/toolchain/avr8/avr8-gnu-toolchain/bin/../lib/gcc/avr/5.4.0/avr5\libgcc.a(_exit.o)
 .text          0x00000000        0x0 d:/new folder/7.0/toolchain/avr8/avr8-gnu-toolchain/bin/../lib/gcc/avr/5.4.0/avr5\libgcc.a(_tablejump2.o)
 .data          0x00000000        0x0 d:/new folder/7.0/toolchain/avr8/avr8-gnu-toolchain/bin/../lib/gcc/avr/5.4.0/avr5\libgcc.a(_tablejump2.o)
 .bss           0x00000000        0x0 d:/new folder/7.0/toolchain/avr8/avr8-gnu-toolchain/bin/../lib/gcc/avr/5.4.0/avr5\libgcc.a(_tablejump2.o)
 .text.libgcc.mul
                0x00000000        0x0 d:/new folder/7.0/toolchain/avr8/avr8-gnu-toolchain/bin/../lib/gcc/avr/5.4.0/avr5\libgcc.a(_tablejump2.o)
 .text.libgcc.div
                0x00000000        0x0 d:/new folder/7.0/toolchain/avr8/avr8-gnu-toolchain/bin/../lib/gcc/avr/5.4.0/avr5\libgcc.a(_tablejump2.o)
 .text.libgcc.prologue
                0x00000000        0x0 d:/new folder/7.0/toolchain/avr8/avr8-gnu-toolchain/bin/../lib/gcc/avr/5.4.0/avr5\libgcc.a(_tablejump2.o)
 .text.libgcc.builtins
                0x00000000        0x0 d:/new folder/7.0/toolchain/avr8/avr8-gnu-toolchain/bin/../lib/gcc/avr/5.4.0/avr5\libgcc.a(_tablejump2.o)
 .text.libgcc.fmul
                0x00000000        0x0 d:/new folder/7.0/toolchain/avr8/avr8-gnu-toolchain/bin/../lib/gcc/avr/5.4.0/avr5\libgcc.a(_tablejump2.o)
 .text.libgcc.fixed
                0x00000000        0x0 d:/new folder/7.0/toolchain/avr8/avr8-gnu-toolchain/bin/../lib/gcc/avr/5.4.0/avr5\libgcc.a(_tablejump2.o)
 .text          0x00000000        0x0 d:/new folder/7.0/toolchain/avr8/avr8-gnu-toolchain/bin/../lib/gcc/avr/5.4.0/avr5\libgcc.a(_copy_data.o)
 .data          0x00000000        0x0 d:/new folder/7.0/toolchain/avr8/avr8-gnu-toolchain/bin/../lib/gcc/avr/5.4.0/avr5\libgcc.a(_copy_data.o)
 .bss           0x00000000        0x0 d:/new folder/7.0/toolchain/avr8/avr8-gnu-toolchain/bin/../lib/gcc/avr/5.4.0/avr5\libgcc.a(_copy_data.o)
 .text.libgcc.mul
                0x00000000        0x0 d:/new folder/7.0/toolchain/avr8/avr8-gnu-toolchain/bin/../lib/gcc/avr/5.4.0/avr5\libgcc.a(_copy_data.o)
 .text.libgcc.div
                0x00000000        0x0 d:/new folder/7.0/toolchain/avr8/avr8-gnu-toolchain/bin/../lib/gcc/avr/5.4.0/avr5\libgcc.a(_copy_data.o)
 .text.libgcc   0x00000000        0x0 d:/new folder/7.0/toolchain/avr8/avr8-gnu-toolchain/bin/../lib/gcc/avr/5.4.0/avr5\libgcc.a(_copy_data.o)
 .text.libgcc.prologue
                0x00000000        0x0 d:/new folder/7.0/toolchain/avr8/avr8-gnu-toolchain/bin/../lib/gcc/avr/5.4.0/avr5\libgcc.a(_copy_data.o)
 .text.libgcc.builtins
                0x00000000        0x0 d:/new folder/7.0/toolchain/avr8/avr8-gnu-toolchain/bin/../lib/gcc/avr/5.4.0/avr5\libgcc.a(_copy_data.o)
 .text.libgcc.fmul
                0x00000000        0x0 d:/new folder/7.0/toolchain/avr8/avr8-gnu-toolchain/bin/../lib/gcc/avr/5.4.0/avr5\libgcc.a(_copy_data.o)
 .text.libgcc.fixed
                0x00000000        0x0 d:/new folder/7.0/toolchain/avr8/avr8-gnu-toolchain/bin/../lib/gcc/avr/5.4.0/avr5\libgcc.a(_copy_data.o)
 .text          0x00000000        0x0 d:/new folder/7.0/toolchain/avr8/avr8-gnu-toolchain/bin/../lib/gcc/avr/5.4.0/avr5\libgcc.a(_clear_bss.o)
 .data          0x00000000        0x0 d:/new folder/7.0/toolchain/avr8/avr8-gnu-toolchain/bin/../lib/gcc/avr/5.4.0/avr5\libgcc.a(_clear_bss.o)
 .bss           0x00000000        0x0 d:/new folder/7.0/toolchain/avr8/avr8-gnu-toolchain/bin/../lib/gcc/avr/5.4.0/avr5\libgcc.a(_clear_bss.o)
 .text.libgcc.mul
                0x00000000        0x0 d:/new folder/7.0/toolchain/avr8/avr8-gnu-toolchain/bin/../lib/gcc/avr/5.4.0/avr5\libgcc.a(_clear_bss.o)
 .text.libgcc.div
                0x00000000        0x0 d:/new folder/7.0/toolchain/avr8/avr8-gnu-toolchain/bin/../lib/gcc/avr/5.4.0/avr5\libgcc.a(_clear_bss.o)
 .text.libgcc   0x00000000        0x0 d:/new folder/7.0/toolchain/avr8/avr8-gnu-toolchain/bin/../lib/gcc/avr/5.4.0/avr5\libgcc.a(_clear_bss.o)
 .text.libgcc.prologue
                0x00000000        0x0 d:/new folder/7.0/toolchain/avr8/avr8-gnu-toolchain/bin/../lib/gcc/avr/5.4.0/avr5\libgcc.a(_clear_bss.o)
 .text.libgcc.builtins
                0x00000000        0x0 d:/new folder/7.0/toolchain/avr8/avr8-gnu-toolchain/bin/../lib/gcc/avr/5.4.0/avr5\libgcc.a(_clear_bss.o)
 .text.libgcc.fmul
                0x00000000        0x0 d:/new folder/7.0/toolchain/avr8/avr8-gnu-toolchain/bin/../lib/gcc/avr/5.4.0/avr5\libgcc.a(_clear_bss.o)
 .text.libgcc.fixed
                0x00000000        0x0 d:/new folder/7.0/toolchain/avr8/avr8-gnu-toolchain/bin/../lib/gcc/avr/5.4.0/avr5\libgcc.a(_clear_bss.o)
 .text          0x00000000        0x0 d:/new folder/7.0/toolchain/avr8/avr8-gnu-toolchain/bin/../lib/gcc/avr/5.4.0/avr5\libgcc.a(_udivmodsi4.o)
 .data          0x00000000        0x0 d:/new folder/7.0/toolchain/avr8/avr8-gnu-toolchain/bin/../lib/gcc/avr/5.4.0/avr5\libgcc.a(_udivmodsi4.o)
 .bss           0x00000000        0x0 d:/new folder/7.0/toolchain/avr8/avr8-gnu-toolchain/bin/../lib/gcc/avr/5.4.0/avr5\libgcc.a(_udivmodsi4.o)
 .text.libgcc.mul
                0x00000000        0x0 d:/new folder/7.0/toolchain/avr8/avr8-gnu-toolchain/bin/../lib/gcc/avr/5.4.0/avr5\libgcc.a(_udivmodsi4.o)
 .text.libgcc   0x00000000        0x0 d:/new folder/7.0/toolchain/avr8/avr8-gnu-toolchain/bin/../lib/gcc/avr/5.4.0/avr5\libgcc.a(_udivmodsi4.o)
 .text.libgcc.prologue
                0x00000000        0x0 d:/new folder/7.0/toolchain/avr8/avr8-gnu-toolchain/bin/../lib/gcc/avr/5.4.0/avr5\libgcc.a(_udivmodsi4.o)
 .text.libgcc.builtins
                0x00000000        0x0 d:/new folder/7.0/toolchain/avr8/avr8-gnu-toolchain/bin/../lib/gcc/avr/5.4.0/avr5\libgcc.a(_udivmodsi4.o)
 .text.libgcc.fmul
                0x00000000        0x0 d:/new folder/7.0/toolchain/avr8/avr8-gnu-toolchain/bin/../lib/gcc/avr/5.4.0/avr5\libgcc.a(_udivmodsi4.o)
 .text.libgcc.fixed
                0x00000000        0x0 d:/new folder/7.0/toolchain/avr8/avr8-gnu-toolchain/bin/../lib/gcc/avr/5.4.0/avr5\libgcc.a(_udivmodsi4.o)
 .text          0x00000000        0x0 d:/new folder/7.0/toolchain/avr8/avr8-gnu-toolchain/bin/../lib/gcc/avr/5.4.0/../../../../avr/lib/avr5\libc.a(random.o)
 .bss           0x00000000        0x0 d:/new folder/7.0/toolchain/avr8/avr8-gnu-toolchain/bin/../lib/gcc/avr/5.4.0/../../../../avr/lib/avr5\libc.a(random.o)
 .text          0x00000000        0x0 d:/new folder/7.0/toolchain/avr8/avr8-gnu-toolchain/bin/../lib/gcc/avr/5.4.0/../../../../avr/lib/avr5\libc.a(fgetc.o)
 .data          0x00000000        0x0 d:/new folder/7.0/toolchain/avr8/avr8-gnu-toolchain/bin/../lib/gcc/avr/5.4.0/../../../../avr/lib/avr5\libc.a(fgetc.o)
 .bss           0x00000000        0x0 d:/new folder/7.0/toolchain/avr8/avr8-gnu-toolchain/bin/../lib/gcc/avr/5.4.0/../../../../avr/lib/avr5\libc.a(fgetc.o)
 .text          0x00000000        0x0 d:/new folder/7.0/toolchain/avr8/avr8-gnu-toolchain/bin/../lib/gcc/avr/5.4.0/../../../../avr/lib/avr5\libc.a(iob.o)
 .data          0x00000000        0x0 d:/new folder/7.0/toolchain/avr8/avr8-gnu-toolchain/bin/../lib/gcc/avr/5.4.0/../../../../avr/lib/avr5\libc.a(iob.o)
 .bss           0x00000000        0x0 d:/new folder/7.0/toolchain/avr8/avr8-gnu-toolchain/bin/../lib/gcc/avr/5.4.0/../../../../avr/lib/avr5\libc.a(iob.o)
 .text          0x00000000        0x0 d:/new folder/7.0/toolchain/avr8/avr8-gnu-toolchain/bin/../lib/gcc/avr/5.4.0/../../../../avr/lib/avr5\libc.a(printf.o)
 .data          0x00000000        0x0 d:/new folder/7.0/toolchain/avr8/avr8-gnu-toolchain/bin/../lib/gcc/avr/5.4.0/../../../../avr/lib/avr5\libc.a(printf.o)
 .bss           0x00000000        0x0 d:/new folder/7.0/toolchain/avr8/avr8-gnu-toolchain/bin/../lib/gcc/avr/5.4.0/../../../../avr/lib/avr5\libc.a(printf.o)
 .text          0x00000000        0x0 d:/new folder/7.0/toolchain/avr8/avr8-gnu-toolchain/bin/../lib/gcc/avr/5.4.0/../../../../avr/lib/avr5\libc.a(printf_p.o)
 .data          0x00000000        0x0 d:/new folder/7.0/toolchain/avr8/avr8-gnu-toolchain/bin/../lib/gcc/avr/5.4.0/../../../../avr/lib/avr5\libc.a(printf_p.o)
 .bss           0x00000000        0x0 d:/new folder/7.0/toolchain/avr8/avr8-gnu-toolchain/bin/../lib/gcc/avr/5.4.0/../../../../avr/lib/avr5\libc.a(printf_p.o)
 .text          0x00000000        0x0 d:/new folder/7.0/toolchain/avr8/avr8-gnu-toolchain/bin/../lib/gcc/avr/5.4.0/../../../../avr/lib/avr5\libc.a(putchar.o)
 .data          0x00000000        0x0 d:/new folder/7.0/toolchain/avr8/avr8-gnu-toolchain/bin/../lib/gcc/avr/5.4.0/../../../../avr/lib/avr5\libc.a(putchar.o)
 .bss           0x00000000        0x0 d:/new folder/7.0/toolchain/avr8/avr8-gnu-toolchain/bin/../lib/gcc/avr/5.4.0/../../../../avr/lib/avr5\libc.a(putchar.o)
 .text          0x00000000        0x0 d:/new folder/7.0/toolchain/avr8/avr8-gnu-toolchain/bin/../lib/gcc/avr/5.4.0/../../../../avr/lib/avr5\libc.a(puts.o)
 .data          0x00000000        0x0 d:/new folder/7.0/toolchain/avr8/avr8-gnu-toolchain/bin/../lib/gcc/avr/5.4.0/../../../../avr/lib/avr5\libc.a(puts.o)
 .bss           0x00000000        0x0 d:/new folder/7.0/toolchain/avr8/avr8-gnu-toolchain/bin/../lib/gcc/avr/5.4.0/../../../../avr/lib/avr5\libc.a(puts.o)
 .text          0x00000000        0x0 d:/new folder/7.0/toolchain/avr8/avr8-gnu-toolchain/bin/../lib/gcc/avr/5.4.0/../../../../avr/lib/avr5\libc.a(vfprintf_std.o)
 .data          0x00000000        0x0 d:/new folder/7.0/toolchain/avr8/avr8-gnu-toolchain/bin/../lib/gcc/avr/5.4.0/../../../../avr/lib/avr5\libc.a(vfprintf_std.o)
 .bss           0x00000000        0x0 d:/new folder/7.0/toolchain/avr8/avr8-gnu-toolchain/bin/../lib/gcc/avr/5.4.0/../../../../avr/lib/avr5\libc.a(vfprintf_std.o)
 .text          0x00000000        0x0 d:/new folder/7.0/toolchain/avr8/avr8-gnu-toolchain/bin/../lib/gcc/avr/5.4.0/../../../../avr/lib/avr5\libc.a(strnlen_P.o)
 .data          0x00000000        0x0 d:/new folder/7.0/toolchain/avr8/avr8-gnu-toolchain/bin/../lib/gcc/avr/5.4.0/../../../../avr/lib/avr5\libc.a(strnlen_P.o)
 .bss           0x00000000        0x0 d:/new folder/7.0/toolchain/avr8/avr8-gnu-toolchain/bin/../lib/gcc/avr/5.4.0/../../../../avr/lib/avr5\libc.a(strnlen_P.o)
 .text          0x00000000        0x0 d:/new folder/7.0/toolchain/avr8/avr8-gnu-toolchain/bin/../lib/gcc/avr/5.4.0/../../../../avr/lib/avr5\libc.a(strnlen.o)
 .data          0x00000000        0x0 d:/new folder/7.0/toolchain/avr8/avr8-gnu-toolchain/bin/../lib/gcc/avr/5.4.0/../../../../avr/lib/avr5\libc.a(strnlen.o)
 .bss           0x00000000        0x0 d:/new folder/7.0/toolchain/avr8/avr8-gnu-toolchain/bin/../lib/gcc/avr/5.4.0/../../../../avr/lib/avr5\libc.a(strnlen.o)
 .text          0x00000000        0x0 d:/new folder/7.0/toolchain/avr8/avr8-gnu-toolchain/bin/../lib/gcc/avr/5.4.0/../../../../avr/lib/avr5\libc.a(fputc.o)
 .data          0x00000000        0x0 d:/new folder/7.0/toolchain/avr8/avr8-gnu-toolchain/bin/../lib/gcc/avr/5.4.0/../../../../avr/lib/avr5\libc.a(fputc.o)
 .bss           0x00000000        0x0 d:/new folder/7.0/toolchain/avr8/avr8-gnu-toolchain/bin/../lib/gcc/avr/5.4.0/../../../../avr/lib/avr5\libc.a(fputc.o)
 .text          0x00000000        0x0 d:/new folder/7.0/toolchain/avr8/avr8-gnu-toolchain/bin/../lib/gcc/avr/5.4.0/../../../../avr/lib/avr5\libc.a(ultoa_invert.o)
 .data          0x00000000        0x0 d:/new folder/7.0/toolchain/avr8/avr8-gnu-toolchain/bin/../lib/gcc/avr/5.4.0/../../../../avr/lib/avr5\libc.a(ultoa_invert.o)
 .bss           0x00000000        0x0 d:/new folder/7.0/toolchain/avr8/avr8-gnu-toolchain/bin/../lib/gcc/avr/5.4.0/../../../../avr/lib/avr5\libc.a(ultoa_invert.o)
 .text          0x00000000        0x0 d:/new folder/7.0/toolchain/avr8/avr8-gnu-toolchain/bin/../lib/gcc/avr/5.4.0/avr5\libgcc.a(_muluhisi3.o)
 .data          0x00000000        0x0 d:/new folder/7.0/toolchain/avr8/avr8-gnu-toolchain/bin/../lib/gcc/avr/5.4.0/avr5\libgcc.a(_muluhisi3.o)
 .bss           0x00000000        0x0 d:/new folder/7.0/toolchain/avr8/avr8-gnu-toolchain/bin/../lib/gcc/avr/5.4.0/avr5\libgcc.a(_muluhisi3.o)
 .text.libgcc.div
                0x00000000        0x0 d:/new folder/7.0/toolchain/avr8/avr8-gnu-toolchain/bin/../lib/gcc/avr/5.4.0/avr5\libgcc.a(_muluhisi3.o)
 .text.libgcc   0x00000000        0x0 d:/new folder/7.0/toolchain/avr8/avr8-gnu-toolchain/bin/../lib/gcc/avr/5.4.0/avr5\libgcc.a(_muluhisi3.o)
 .text.libgcc.prologue
                0x00000000        0x0 d:/new folder/7.0/toolchain/avr8/avr8-gnu-toolchain/bin/../lib/gcc/avr/5.4.0/avr5\libgcc.a(_muluhisi3.o)
 .text.libgcc.builtins
                0x00000000        0x0 d:/new folder/7.0/toolchain/avr8/avr8-gnu-toolchain/bin/../lib/gcc/avr/5.4.0/avr5\libgcc.a(_muluhisi3.o)
 .text.libgcc.fmul
                0x00000000        0x0 d:/new folder/7.0/toolchain/avr8/avr8-gnu-toolchain/bin/../lib/gcc/avr/5.4.0/avr5\libgcc.a(_muluhisi3.o)
 .text.libgcc.fixed
                0x00000000        0x0 d:/new folder/7.0/toolchain/avr8/avr8-gnu-toolchain/bin/../lib/gcc/avr/5.4.0/avr5\libgcc.a(_muluhisi3.o)
 .text          0x00000000        0x0 d:/new folder/7.0/toolchain/avr8/avr8-gnu-toolchain/bin/../lib/gcc/avr/5.4.0/avr5\libgcc.a(_mulshisi3.o)
 .data          0x00000000        0x0 d:/new folder/7.0/toolchain/avr8/avr8-gnu-toolchain/bin/../lib/gcc/avr/5.4.0/avr5\libgcc.a(_mulshisi3.o)
 .bss           0x00000000        0x0 d:/new folder/7.0/toolchain/avr8/avr8-gnu-toolchain/bin/../lib/gcc/avr/5.4.0/avr5\libgcc.a(_mulshisi3.o)
 .text.libgcc.div
                0x00000000        0x0 d:/new folder/7.0/toolchain/avr8/avr8-gnu-toolchain/bin/../lib/gcc/avr/5.4.0/avr5\libgcc.a(_mulshisi3.o)
 .text.libgcc   0x00000000        0x0 d:/new folder/7.0/toolchain/avr8/avr8-gnu-toolchain/bin/../lib/gcc/avr/5.4.0/avr5\libgcc.a(_mulshisi3.o)
 .text.libgcc.prologue
                0x00000000        0x0 d:/new folder/7.0/toolchain/avr8/avr8-gnu-toolchain/bin/../lib/gcc/avr/5.4.0/avr5\libgcc.a(_mulshisi3.o)
 .text.libgcc.builtins
                0x00000000        0x0 d:/new folder/7.0/toolchain/avr8/avr8-gnu-toolchain/bin/../lib/gcc/avr/5.4.0/avr5\libgcc.a(_mulshisi3.o)
 .text.libgcc.fmul
                0x00000000        0x0 d:/new folder/7.0/toolchain/avr8/avr8-gnu-toolchain/bin/../lib/gcc/avr/5.4.0/avr5\libgcc.a(_mulshisi3.o)
 .text.libgcc.fixed
                0x00000000        0x0 d:/new folder/7.0/toolchain/avr8/avr8-gnu-toolchain/bin/../lib/gcc/avr/5.4.0/avr5\libgcc.a(_mulshisi3.o)
 .text          0x00000000        0x0 d:/new folder/7.0/toolchain/avr8/avr8-gnu-toolchain/bin/../lib/gcc/avr/5.4.0/avr5\libgcc.a(_prologue.o)
 .data          0x00000000        0x0 d:/new folder/7.0/toolchain/avr8/avr8-gnu-toolchain/bin/../lib/gcc/avr/5.4.0/avr5\libgcc.a(_prologue.o)
 .bss           0x00000000        0x0 d:/new folder/7.0/toolchain/avr8/avr8-gnu-toolchain/bin/../lib/gcc/avr/5.4.0/avr5\libgcc.a(_prologue.o)
 .text.libgcc.mul
                0x00000000        0x0 d:/new folder/7.0/toolchain/avr8/avr8-gnu-toolchain/bin/../lib/gcc/avr/5.4.0/avr5\libgcc.a(_prologue.o)
 .text.libgcc.div
                0x00000000        0x0 d:/new folder/7.0/toolchain/avr8/avr8-gnu-toolchain/bin/../lib/gcc/avr/5.4.0/avr5\libgcc.a(_prologue.o)
 .text.libgcc   0x00000000        0x0 d:/new folder/7.0/toolchain/avr8/avr8-gnu-toolchain/bin/../lib/gcc/avr/5.4.0/avr5\libgcc.a(_prologue.o)
 .text.libgcc.builtins
                0x00000000        0x0 d:/new folder/7.0/toolchain/avr8/avr8-gnu-toolchain/bin/../lib/gcc/avr/5.4.0/avr5\libgcc.a(_prologue.o)
 .text.libgcc.fmul
                0x00000000        0x0 d:/new folder/7.0/toolchain/avr8/avr8-gnu-toolchain/bin/../lib/gcc/avr/5.4.0/avr5\libgcc.a(_prologue.o)
 .text.libgcc.fixed
                0x00000000        0x0 d:/new folder/7.0/toolchain/avr8/avr8-gnu-toolchain/bin/../lib/gcc/avr/5.4.0/avr5\libgcc.a(_prologue.o)
 .text          0x00000000        0x0 d:/new folder/7.0/toolchain/avr8/avr8-gnu-toolchain/bin/../lib/gcc/avr/5.4.0/avr5\libgcc.a(_epilogue.o)
 .data          0x00000000        0x0 d:/new folder/7.0/toolchain/avr8/avr8-gnu-toolchain/bin/../lib/gcc/avr/5.4.0/avr5\libgcc.a(_epilogue.o)
 .bss           0x00000000        0x0 d:/new folder/7.0/toolchain/avr8/avr8-gnu-toolchain/bin/../lib/gcc/avr/5.4.0/avr5\libgcc.a(_epilogue.o)
 .text.libgcc.mul
                0x00000000        0x0 d:/new folder/7.0/toolchain/avr8/avr8-gnu-toolchain/bin/../lib/gcc/avr/5.4.0/avr5\libgcc.a(_epilogue.o)
 .text.libgcc.div
                0x00000000        0x0 d:/new folder/7.0/toolchain/avr8/avr8-gnu-toolchain/bin/../lib/gcc/avr/5.4.0/avr5\libgcc.a(_epilogue.o)
 .text.libgcc   0x00000000        0x0 d:/new folder/7.0/toolchain/avr8/avr8-gnu-toolchain/bin/../lib/gcc/avr/5.4.0/avr5\libgcc.a(_epilogue.o)
 .text.libgcc.builtins
                0x00000000        0x0 d:/new folder/7.0/toolchain/avr8/avr8-gnu-toolchain/bin/../lib/gcc/avr/5.4.0/avr5\libgcc.a(_epilogue.o)
 .text.libgcc.fmul
                0x00000000        0x0 d:/new folder/7.0/toolchain/avr8/avr8-gnu-toolchain/bin/../lib/gcc/avr/5.4.0/avr5\libgcc.a(_epilogue.o)
 .text.libgcc.fixed
                0x00000000        0x0 d:/new folder/7.0/toolchain/avr8/avr8-gnu-toolchain/bin/../lib/gcc/avr/5.4.0/avr5\libgcc.a(_epilogue.o)
 .text          0x00000000        0x0 d:/new folder/7.0/toolchain/avr8/avr8-gnu-toolchain/bin/../lib/gcc/avr/5.4.0/avr5\libgcc.a(_umulhisi3.o)
 .data          0x00000000        0x0 d:/new folder/7.0/toolchain/avr8/avr8-gnu-toolchain/bin/../lib/gcc/avr/5.4.0/avr5\libgcc.a(_umulhisi3.o)
 .bss           0x00000000        0x0 d:/new folder/7.0/toolchain/avr8/avr8-gnu-toolchain/bin/../lib/gcc/avr/5.4.0/avr5\libgcc.a(_umulhisi3.o)
 .text.libgcc.div
                0x00000000        0x0 d:/new folder/7.0/toolchain/avr8/avr8-gnu-toolchain/bin/../lib/gcc/avr/5.4.0/avr5\libgcc.a(_umulhisi3.o)
 .text.libgcc   0x00000000        0x0 d:/new folder/7.0/toolchain/avr8/avr8-gnu-toolchain/bin/../lib/gcc/avr/5.4.0/avr5\libgcc.a(_umulhisi3.o)
 .text.libgcc.prologue
                0x00000000        0x0 d:/new folder/7.0/toolchain/avr8/avr8-gnu-toolchain/bin/../lib/gcc/avr/5.4.0/avr5\libgcc.a(_umulhisi3.o)
 .text.libgcc.builtins
                0x00000000        0x0 d:/new folder/7.0/toolchain/avr8/avr8-gnu-toolchain/bin/../lib/gcc/avr/5.4.0/avr5\libgcc.a(_umulhisi3.o)
 .text.libgcc.fmul
                0x00000000        0x0 d:/new folder/7.0/toolchain/avr8/avr8-gnu-toolchain/bin/../lib/gcc/avr/5.4.0/avr5\libgcc.a(_umulhisi3.o)
 .text.libgcc.fixed
                0x00000000        0x0 d:/new folder/7.0/toolchain/avr8/avr8-gnu-toolchain/bin/../lib/gcc/avr/5.4.0/avr5\libgcc.a(_umulhisi3.o)

Memory Configuration

Name             Origin             Length             Attributes
text             0x00000000         0x00020000         xr
data             0x00800060         0x0000ffa0         rw !x
eeprom           0x00810000         0x00010000         rw !x
fuse             0x00820000         0x00000003         rw !x
lock             0x00830000         0x00000400         rw !x
signature        0x00840000         0x00000400         rw !x
user_signatures  0x00850000         0x00000400         rw !x
*default*        0x00000000         0xffffffff

Linker script and memory map

Address of section .data set to 0x800100
LOAD D:/New folder/7.0/Packs/atmel/ATmega_DFP/1.3.300/gcc/dev/atmega324a/avr5/crtatmega324a.o
LOAD buttons.o
LOAD game.o
LOAD joystick.o
LOAD ledmatrix.o
LOAD project.o
LOAD score.o
LOAD scrolling_char_display.o
LOAD serialio.o
LOAD spi.o
LOAD terminalio.o
LOAD timer0.o
START GROUP
LOAD d:/new folder/7.0/toolchain/avr8/avr8-gnu-toolchain/bin/../lib/gcc/avr/5.4.0/../../../../avr/lib/avr5\libm.a
END GROUP
START GROUP
LOAD d:/new folder/7.0/toolchain/avr8/avr8-gnu-toolchain/bin/../lib/gcc/avr/5.4.0/avr5\libgcc.a
LOAD d:/new folder/7.0/toolchain/avr8/avr8-gnu-toolchain/bin/../lib/gcc/avr/5.4.0/../../../../avr/lib/avr5\libm.a
LOAD d:/new folder/7.0/toolchain/avr8/avr8-gnu-toolchain/bin/../lib/gcc/avr/5.4.0/../../../../avr/lib/avr5\libc.a
LOAD D:/New folder/7.0/Packs/atmel/ATmega_DFP/1.3.300/gcc/dev/atmega324a/avr5\libatmega324a.a
END GROUP
                0x00000000                __TEXT_REGION_ORIGIN__ = DEFINED (__TEXT_REGION_ORIGIN__)?__TEXT_REGION_ORIGIN__:0x0
                0x00800060                __DATA_REGION_ORIGIN__ = DEFINED (__DATA_REGION_ORIGIN__)?__DATA_REGION_ORIGIN__:0x800060
                0x00020000                __TEXT_REGION_LENGTH__ = DEFINED (__TEXT_REGION_LENGTH__)?__TEXT_REGION_LENGTH__:0x20000
                0x0000ffa0                __DATA_REGION_LENGTH__ = DEFINED (__DATA_REGION_LENGTH__)?__DATA_REGION_LENGTH__:0xffa0
                0x00010000                __EEPROM_REGION_LENGTH__ = DEFINED (__EEPROM_REGION_LENGTH__)?__EEPROM_REGION_LENGTH__:0x10000
                [0x00000003]                __FUSE_REGION_LENGTH__ = DEFINED (__FUSE_REGION_LENGTH__)?__FUSE_REGION_LENGTH__:0x400
                0x00000400                __LOCK_REGION_LENGTH__ = DEFINED (__LOCK_REGION_LENGTH__)?__LOCK_REGION_LENGTH__:0x400
                0x00000400                __SIGNATURE_REGION_LENGTH__ = DEFINED (__SIGNATURE_REGION_LENGTH__)?__SIGNATURE_REGION_LENGTH__:0x400
                0x00000400                __USER_SIGNATURE_REGION_LENGTH__ = DEFINED (__USER_SIGNATURE_REGION_LENGTH__)?__USER_SIGNATURE_REGION_LENGTH__:0x400

.hash
 *(.hash)

.dynsym
 *(.dynsym)

.dynstr
 *(.dynstr)

.gnu.version
 *(.gnu.version)

.gnu.version_d
 *(.gnu.version_d)

.gnu.version_r
 *(.gnu.version_r)

.rel.init
 *(.rel.init)

.rela.init
 *(.rela.init)

.rel.text
 *(.rel.text)
 *(.rel.text.*)
 *(.rel.gnu.linkonce.t*)

.rela.text
 *(.rela.text)
 *(.rela.text.*)
 *(.rela.gnu.linkonce.t*)

.rel.fini
 *(.rel.fini)

.rela.fini
 *(.rela.fini)

.rel.rodata
 *(.rel.rodata)
 *(.rel.rodata.*)
 *(.rel.gnu.linkonce.r*)

.rela.rodata
 *(.rela.rodata)
 *(.rela.rodata.*)
 *(.rela.gnu.linkonce.r*)

.rel.data
 *(.rel.data)
 *(.rel.data.*)
 *(.rel.gnu.linkonce.d*)

.rela.data
 *(.rela.data)
 *(.rela.data.*)
 *(.rela.gnu.linkonce.d*)

.rel.ctors
 *(.rel.ctors)

.rela.ctors
 *(.rela.ctors)

.rel.dtors
 *(.rel.dtors)

.rela.dtors
 *(.rela.dtors)

.rel.got
 *(.rel.got)

.rela.got
 *(.rela.got)

.rel.bss
 *(.rel.bss)

.rela.bss
 *(.rela.bss)

.rel.plt
 *(.rel.plt)

.rela.plt
 *(.rela.plt)

.text           0x00000000     0x27e6
 *(.vectors)
 .vectors       0x00000000       0x7c D:/New folder/7.0/Packs/atmel/ATmega_DFP/1.3.300/gcc/dev/atmega324a/avr5/crtatmega324a.o
                0x00000000                __vector_default
                0x00000000                __vectors
 *(.vectors)
 *(.progmem.gcc*)
 .progmem.gcc_sw_table.initialise_game_level
                0x0000007c       0xba game.o
                0x00000136                . = ALIGN (0x2)
                0x00000136                __trampolines_start = .
 *(.trampolines)
 .trampolines   0x00000136        0x0 linker stubs
 *(.trampolines*)
                0x00000136                __trampolines_end = .
 *libprintf_flt.a:*(.progmem.data)
 *libc.a:*(.progmem.data)
 *(.progmem*)
 .progmem.data.init_game_field
                0x00000136      0x3c2 game.o
 .progmem.data.__c.2316
                0x000004f8       0x1e project.o
 .progmem.data.__c.2314
                0x00000516        0xa project.o
 .progmem.data.__c.2306
                0x00000520       0x21 project.o
 .progmem.data.__c.2304
                0x00000541        0xf project.o
 .progmem.data.__c.2276
                0x00000550       0x19 project.o
 .progmem.data.__c.2274
                0x00000569       0x23 project.o
 .progmem.data.__c.2272
                0x0000058c        0x8 project.o
 .progmem.data.numbers
                0x00000594       0x14 scrolling_char_display.o
 .progmem.data.letters
                0x000005a8       0x34 scrolling_char_display.o
 .progmem.data.cols_9
                0x000005dc        0x4 scrolling_char_display.o
 .progmem.data.cols_8
                0x000005e0        0x4 scrolling_char_display.o
 .progmem.data.cols_7
                0x000005e4        0x4 scrolling_char_display.o
 .progmem.data.cols_6
                0x000005e8        0x4 scrolling_char_display.o
 .progmem.data.cols_5
                0x000005ec        0x4 scrolling_char_display.o
 .progmem.data.cols_4
                0x000005f0        0x4 scrolling_char_display.o
 .progmem.data.cols_3
                0x000005f4        0x4 scrolling_char_display.o
 .progmem.data.cols_2
                0x000005f8        0x4 scrolling_char_display.o
 .progmem.data.cols_1
                0x000005fc        0x3 scrolling_char_display.o
 .progmem.data.cols_0
                0x000005ff        0x4 scrolling_char_display.o
 .progmem.data.cols_Z
                0x00000603        0x5 scrolling_char_display.o
 .progmem.data.cols_Y
                0x00000608        0x5 scrolling_char_display.o
 .progmem.data.cols_X
                0x0000060d        0x5 scrolling_char_display.o
 .progmem.data.cols_W
                0x00000612        0x5 scrolling_char_display.o
 .progmem.data.cols_V
                0x00000617        0x5 scrolling_char_display.o
 .progmem.data.cols_U
                0x0000061c        0x4 scrolling_char_display.o
 .progmem.data.cols_T
                0x00000620        0x5 scrolling_char_display.o
 .progmem.data.cols_S
                0x00000625        0x4 scrolling_char_display.o
 .progmem.data.cols_R
                0x00000629        0x4 scrolling_char_display.o
 .progmem.data.cols_Q
                0x0000062d        0x5 scrolling_char_display.o
 .progmem.data.cols_P
                0x00000632        0x4 scrolling_char_display.o
 .progmem.data.cols_O
                0x00000636        0x4 scrolling_char_display.o
 .progmem.data.cols_N
                0x0000063a        0x4 scrolling_char_display.o
 .progmem.data.cols_M
                0x0000063e        0x5 scrolling_char_display.o
 .progmem.data.cols_L
                0x00000643        0x4 scrolling_char_display.o
 .progmem.data.cols_K
                0x00000647        0x4 scrolling_char_display.o
 .progmem.data.cols_J
                0x0000064b        0x4 scrolling_char_display.o
 .progmem.data.cols_I
                0x0000064f        0x3 scrolling_char_display.o
 .progmem.data.cols_H
                0x00000652        0x4 scrolling_char_display.o
 .progmem.data.cols_G
                0x00000656        0x4 scrolling_char_display.o
 .progmem.data.cols_F
                0x0000065a        0x4 scrolling_char_display.o
 .progmem.data.cols_E
                0x0000065e        0x4 scrolling_char_display.o
 .progmem.data.cols_D
                0x00000662        0x4 scrolling_char_display.o
 .progmem.data.cols_C
                0x00000666        0x4 scrolling_char_display.o
 .progmem.data.cols_B
                0x0000066a        0x4 scrolling_char_display.o
 .progmem.data.cols_A
                0x0000066e        0x4 scrolling_char_display.o
 .progmem.data.__c.2082
                0x00000672        0x7 terminalio.o
 .progmem.data.__c.2078
                0x00000679        0x6 terminalio.o
 .progmem.data.__c.2068
                0x0000067f        0x5 terminalio.o
 .progmem.data.__c.2058
                0x00000684        0x5 terminalio.o
 .progmem.data.__c.2033
                0x00000689        0x9 terminalio.o
                0x00000692                . = ALIGN (0x2)
 *(.jumptables)
 *(.jumptables*)
 *(.lowtext)
 *(.lowtext*)
                0x00000692                __ctors_start = .
 *(.ctors)
                0x00000692                __ctors_end = .
                0x00000692                __dtors_start = .
 *(.dtors)
                0x00000692                __dtors_end = .
 SORT(*)(.ctors)
 SORT(*)(.dtors)
 *(.init0)
 .init0         0x00000692        0x0 D:/New folder/7.0/Packs/atmel/ATmega_DFP/1.3.300/gcc/dev/atmega324a/avr5/crtatmega324a.o
                0x00000692                __init
 *(.init0)
 *(.init1)
 *(.init1)
 *(.init2)
 .init2         0x00000692        0xc D:/New folder/7.0/Packs/atmel/ATmega_DFP/1.3.300/gcc/dev/atmega324a/avr5/crtatmega324a.o
 *(.init2)
 *(.init3)
 *(.init3)
 *(.init4)
 .init4         0x0000069e       0x16 d:/new folder/7.0/toolchain/avr8/avr8-gnu-toolchain/bin/../lib/gcc/avr/5.4.0/avr5\libgcc.a(_copy_data.o)
                0x0000069e                __do_copy_data
 .init4         0x000006b4       0x10 d:/new folder/7.0/toolchain/avr8/avr8-gnu-toolchain/bin/../lib/gcc/avr/5.4.0/avr5\libgcc.a(_clear_bss.o)
                0x000006b4                __do_clear_bss
 *(.init4)
 *(.init5)
 *(.init5)
 *(.init6)
 *(.init6)
 *(.init7)
 *(.init7)
 *(.init8)
 *(.init8)
 *(.init9)
 .init9         0x000006c4        0x8 D:/New folder/7.0/Packs/atmel/ATmega_DFP/1.3.300/gcc/dev/atmega324a/avr5/crtatmega324a.o
 *(.init9)
 *(.text)
 .text          0x000006cc        0x4 D:/New folder/7.0/Packs/atmel/ATmega_DFP/1.3.300/gcc/dev/atmega324a/avr5/crtatmega324a.o
                0x000006cc                __vector_22
                0x000006cc                __vector_28
                0x000006cc                __vector_1
                0x000006cc                __vector_24
                0x000006cc                __vector_12
                0x000006cc                __bad_interrupt
                0x000006cc                __vector_6
                0x000006cc                __vector_3
                0x000006cc                __vector_23
                0x000006cc                __vector_30
                0x000006cc                __vector_25
                0x000006cc                __vector_11
                0x000006cc                __vector_13
                0x000006cc                __vector_17
                0x000006cc                __vector_19
                0x000006cc                __vector_7
                0x000006cc                __vector_27
                0x000006cc                __vector_4
                0x000006cc                __vector_9
                0x000006cc                __vector_2
                0x000006cc                __vector_15
                0x000006cc                __vector_29
                0x000006cc                __vector_8
                0x000006cc                __vector_26
                0x000006cc                __vector_14
                0x000006cc                __vector_10
                0x000006cc                __vector_18
                0x000006d0                . = ALIGN (0x2)
 *(.text.*)
 .text.init_button_interrupts
                0x000006d0       0x1c buttons.o
                0x000006d0                init_button_interrupts
 .text.button_pushed
                0x000006ec       0x5a buttons.o
                0x000006ec                button_pushed
 .text.__vector_5
                0x00000746       0x9c buttons.o
                0x00000746                __vector_5
 .text.is_ghost_home
                0x000007e2       0x28 game.o
 .text.what_is_in_dirn
                0x0000080a      0x10c game.o
 .text.determine_dirns_ghost_can_move_in
                0x00000916       0x7a game.o
 .text.draw_pacman_at
                0x00000990       0x44 game.o
 .text.draw_ghost_at
                0x000009d4       0x74 game.o
 .text.erase_pixel_at
                0x00000a48       0x5a game.o
 .text.get_lives
                0x00000aa2        0x6 game.o
                0x00000aa2                get_lives
 .text.reset_lives
                0x00000aa8        0x8 game.o
                0x00000aa8                reset_lives
 .text.initialise_game_level
                0x00000ab0      0x31c game.o
                0x00000ab0                initialise_game_level
 .text.initialise_game
                0x00000dcc        0xc game.o
                0x00000dcc                initialise_game
 .text.move_pacman
                0x00000dd8      0x252 game.o
                0x00000dd8                move_pacman
 .text.change_pacman_direction
                0x0000102a       0x44 game.o
                0x0000102a                change_pacman_direction
 .text.move_ghost
                0x0000106e      0x3e8 game.o
                0x0000106e                move_ghost
 .text.is_game_over
                0x00001456        0xc game.o
                0x00001456                is_game_over
 .text.is_level_complete
                0x00001462       0x12 game.o
                0x00001462                is_level_complete
 .text.ledmatrix_setup
                0x00001474        0x8 ledmatrix.o
                0x00001474                ledmatrix_setup
 .text.ledmatrix_update_column
                0x0000147c       0x3a ledmatrix.o
                0x0000147c                ledmatrix_update_column
 .text.ledmatrix_shift_display_left
                0x000014b6        0xe ledmatrix.o
                0x000014b6                ledmatrix_shift_display_left
 .text.ledmatrix_clear
                0x000014c4        0x8 ledmatrix.o
                0x000014c4                ledmatrix_clear
 .text.initialise_hardware
                0x000014cc       0x1e project.o
                0x000014cc                initialise_hardware
 .text.splash_screen
                0x000014ea       0x92 project.o
                0x000014ea                splash_screen
 .text.handle_level_complete
                0x0000157c       0x52 project.o
                0x0000157c                handle_level_complete
 .text.handle_game_over
                0x000015ce       0x42 project.o
                0x000015ce                handle_game_over
 .text.display_lives
                0x00001610       0x22 project.o
                0x00001610                display_lives
 .text.new_game
                0x00001632       0x1a project.o
                0x00001632                new_game
 .text.play_game
                0x0000164c      0x264 project.o
                0x0000164c                play_game
 .text.main     0x000018b0       0x16 project.o
                0x000018b0                main
 .text.init_score
                0x000018c6       0x12 score.o
                0x000018c6                init_score
 .text.add_to_score
                0x000018d8       0x2a score.o
                0x000018d8                add_to_score
 .text.get_score
                0x00001902       0x12 score.o
                0x00001902                get_score
 .text.set_highscore
                0x00001914       0x12 score.o
                0x00001914                set_highscore
 .text.get_highscore
                0x00001926       0x12 score.o
                0x00001926                get_highscore
 .text.set_scrolling_display_text
                0x00001938       0x1e scrolling_char_display.o
                0x00001938                set_scrolling_display_text
 .text.scroll_display
                0x00001956      0x184 scrolling_char_display.o
                0x00001956                scroll_display
 .text.uart_put_char
                0x00001ada       0x70 serialio.o
 .text.uart_get_char
                0x00001b4a       0x5c serialio.o
 .text.init_serial_stdio
                0x00001ba6       0x8e serialio.o
                0x00001ba6                init_serial_stdio
 .text.serial_input_available
                0x00001c34        0xe serialio.o
                0x00001c34                serial_input_available
 .text.clear_serial_input_buffer
                0x00001c42        0xa serialio.o
                0x00001c42                clear_serial_input_buffer
 .text.__vector_21
                0x00001c4c       0x84 serialio.o
                0x00001c4c                __vector_21
 .text.__vector_20
                0x00001cd0       0xa6 serialio.o
                0x00001cd0                __vector_20
 .text.spi_setup_master
                0x00001d76       0x50 spi.o
                0x00001d76                spi_setup_master
 .text.spi_send_byte
                0x00001dc6        0xc spi.o
                0x00001dc6                spi_send_byte
 .text.move_cursor
                0x00001dd2       0x22 terminalio.o
                0x00001dd2                move_cursor
 .text.normal_display_mode
                0x00001df4       0x12 terminalio.o
                0x00001df4                normal_display_mode
 .text.clear_terminal
                0x00001e06       0x12 terminalio.o
                0x00001e06                clear_terminal
 .text.set_display_attribute
                0x00001e18       0x1a terminalio.o
                0x00001e18                set_display_attribute
 .text.hide_cursor
                0x00001e32       0x12 terminalio.o
                0x00001e32                hide_cursor
 .text.init_timer0
                0x00001e44       0x30 timer0.o
                0x00001e44                init_timer0
 .text.get_current_time
                0x00001e74       0x1c timer0.o
                0x00001e74                get_current_time
 .text.__vector_16
                0x00001e90       0x4a timer0.o
                0x00001e90                __vector_16
 .text.libgcc.div
                0x00001eda       0x2e d:/new folder/7.0/toolchain/avr8/avr8-gnu-toolchain/bin/../lib/gcc/avr/5.4.0/avr5\libgcc.a(_divmodsi4.o)
                0x00001eda                __divmodsi4
 .text.libgcc.div
                0x00001f08       0x10 d:/new folder/7.0/toolchain/avr8/avr8-gnu-toolchain/bin/../lib/gcc/avr/5.4.0/avr5\libgcc.a(_negsi2.o)
                0x00001f08                __negsi2
 .text.libgcc   0x00001f18        0xc d:/new folder/7.0/toolchain/avr8/avr8-gnu-toolchain/bin/../lib/gcc/avr/5.4.0/avr5\libgcc.a(_tablejump2.o)
                0x00001f18                __tablejump2__
 .text.libgcc.div
                0x00001f24       0x44 d:/new folder/7.0/toolchain/avr8/avr8-gnu-toolchain/bin/../lib/gcc/avr/5.4.0/avr5\libgcc.a(_udivmodsi4.o)
                0x00001f24                __udivmodsi4
 .text.avr-libc
                0x00001f68      0x144 d:/new folder/7.0/toolchain/avr8/avr8-gnu-toolchain/bin/../lib/gcc/avr/5.4.0/../../../../avr/lib/avr5\libc.a(random.o)
                0x00001f68                random_r
                0x00001ffe                random
                0x0000209a                srandom
 .text.avr-libc
                0x000020ac       0x7c d:/new folder/7.0/toolchain/avr8/avr8-gnu-toolchain/bin/../lib/gcc/avr/5.4.0/../../../../avr/lib/avr5\libc.a(fgetc.o)
                0x000020ac                fgetc
 .text.avr-libc
                0x00002128       0x2c d:/new folder/7.0/toolchain/avr8/avr8-gnu-toolchain/bin/../lib/gcc/avr/5.4.0/../../../../avr/lib/avr5\libc.a(printf.o)
                0x00002128                printf
 .text.avr-libc
                0x00002154       0x4c d:/new folder/7.0/toolchain/avr8/avr8-gnu-toolchain/bin/../lib/gcc/avr/5.4.0/../../../../avr/lib/avr5\libc.a(printf_p.o)
                0x00002154                printf_P
 .text.avr-libc
                0x000021a0        0xe d:/new folder/7.0/toolchain/avr8/avr8-gnu-toolchain/bin/../lib/gcc/avr/5.4.0/../../../../avr/lib/avr5\libc.a(putchar.o)
                0x000021a0                putchar
 .text.avr-libc
                0x000021ae       0x60 d:/new folder/7.0/toolchain/avr8/avr8-gnu-toolchain/bin/../lib/gcc/avr/5.4.0/../../../../avr/lib/avr5\libc.a(puts.o)
                0x000021ae                puts
 .text.avr-libc
                0x0000220e      0x3c2 d:/new folder/7.0/toolchain/avr8/avr8-gnu-toolchain/bin/../lib/gcc/avr/5.4.0/../../../../avr/lib/avr5\libc.a(vfprintf_std.o)
                0x0000220e                vfprintf
 .text.avr-libc
                0x000025d0       0x16 d:/new folder/7.0/toolchain/avr8/avr8-gnu-toolchain/bin/../lib/gcc/avr/5.4.0/../../../../avr/lib/avr5\libc.a(strnlen_P.o)
                0x000025d0                strnlen_P
 .text.avr-libc
                0x000025e6       0x16 d:/new folder/7.0/toolchain/avr8/avr8-gnu-toolchain/bin/../lib/gcc/avr/5.4.0/../../../../avr/lib/avr5\libc.a(strnlen.o)
                0x000025e6                strnlen
 .text.avr-libc
                0x000025fc       0x78 d:/new folder/7.0/toolchain/avr8/avr8-gnu-toolchain/bin/../lib/gcc/avr/5.4.0/../../../../avr/lib/avr5\libc.a(fputc.o)
                0x000025fc                fputc
 .text.avr-libc
                0x00002674       0xbc d:/new folder/7.0/toolchain/avr8/avr8-gnu-toolchain/bin/../lib/gcc/avr/5.4.0/../../../../avr/lib/avr5\libc.a(ultoa_invert.o)
                0x00002674                __ultoa_invert
 .text.libgcc.mul
                0x00002730       0x16 d:/new folder/7.0/toolchain/avr8/avr8-gnu-toolchain/bin/../lib/gcc/avr/5.4.0/avr5\libgcc.a(_muluhisi3.o)
                0x00002730                __muluhisi3
 .text.libgcc.mul
                0x00002746       0x10 d:/new folder/7.0/toolchain/avr8/avr8-gnu-toolchain/bin/../lib/gcc/avr/5.4.0/avr5\libgcc.a(_mulshisi3.o)
                0x00002746                __mulshisi3
                0x0000274c                __mulohisi3
 .text.libgcc.prologue
                0x00002756       0x38 d:/new folder/7.0/toolchain/avr8/avr8-gnu-toolchain/bin/../lib/gcc/avr/5.4.0/avr5\libgcc.a(_prologue.o)
                0x00002756                __prologue_saves__
 .text.libgcc.prologue
                0x0000278e       0x36 d:/new folder/7.0/toolchain/avr8/avr8-gnu-toolchain/bin/../lib/gcc/avr/5.4.0/avr5\libgcc.a(_epilogue.o)
                0x0000278e                __epilogue_restores__
 .text.libgcc.mul
                0x000027c4       0x1e d:/new folder/7.0/toolchain/avr8/avr8-gnu-toolchain/bin/../lib/gcc/avr/5.4.0/avr5\libgcc.a(_umulhisi3.o)
                0x000027c4                __umulhisi3
                0x000027e2                . = ALIGN (0x2)
 *(.fini9)
 .fini9         0x000027e2        0x0 d:/new folder/7.0/toolchain/avr8/avr8-gnu-toolchain/bin/../lib/gcc/avr/5.4.0/avr5\libgcc.a(_exit.o)
                0x000027e2                _exit
                0x000027e2                exit
 *(.fini9)
 *(.fini8)
 *(.fini8)
 *(.fini7)
 *(.fini7)
 *(.fini6)
 *(.fini6)
 *(.fini5)
 *(.fini5)
 *(.fini4)
 *(.fini4)
 *(.fini3)
 *(.fini3)
 *(.fini2)
 *(.fini2)
 *(.fini1)
 *(.fini1)
 *(.fini0)
 .fini0         0x000027e2        0x4 d:/new folder/7.0/toolchain/avr8/avr8-gnu-toolchain/bin/../lib/gcc/avr/5.4.0/avr5\libgcc.a(_exit.o)
 *(.fini0)
                0x000027e6                _etext = .

.data           0x00800100       0xbc load address 0x000027e6
                0x00800100                PROVIDE (__data_start, .)
 *(.data)
 .data          0x00800100        0x4 d:/new folder/7.0/toolchain/avr8/avr8-gnu-toolchain/bin/../lib/gcc/avr/5.4.0/../../../../avr/lib/avr5\libc.a(random.o)
 *(.data*)
 .data.colour   0x00800104        0x1 scrolling_char_display.o
 .data.myStream
                0x00800105        0xe serialio.o
 *(.gnu.linkonce.d*)
 *(.rodata)
 *(.rodata*)
 .rodata.str1.1
                0x00800113       0x94 game.o
 .rodata.pacman_characters
                0x008001a7        0x8 game.o
 .rodata.ghost_colours
                0x008001af        0x4 game.o
 .rodata.str1.1
                0x008001b3        0x9 project.o
 *(.gnu.linkonce.r*)
                0x008001bc                . = ALIGN (0x2)
                0x008001bc                _edata = .
                0x008001bc                PROVIDE (__data_end, .)

.bss            0x008001bc      0x1c3
                0x008001bc                PROVIDE (__bss_start, .)
 *(.bss)
 *(.bss*)
 .bss.queue_length
                0x008001bc        0x1 buttons.o
 .bss.button_queue
                0x008001bd        0x4 buttons.o
 .bss.last_button_state
                0x008001c1        0x1 buttons.o
 .bss.game_running
                0x008001c2        0x1 game.o
 .bss.ghost_direction
                0x008001c3        0x4 game.o
 .bss.ghost_y   0x008001c7        0x4 game.o
 .bss.ghost_x   0x008001cb        0x4 game.o
 .bss.pacman_direction
                0x008001cf        0x1 game.o
 .bss.pacman_y  0x008001d0        0x1 game.o
 .bss.pacman_x  0x008001d1        0x1 game.o
 .bss.lives     0x008001d2        0x1 game.o
 .bss.num_pacdots
                0x008001d3        0x2 game.o
 .bss.pacdots   0x008001d5       0x7c game.o
 .bss.shift_countdown.1854
                0x00800251        0x1 scrolling_char_display.o
 .bss.next_char_to_display
                0x00800252        0x2 scrolling_char_display.o
 .bss.display_string
                0x00800254        0x2 scrolling_char_display.o
 .bss.next_col_ptr
                0x00800256        0x2 scrolling_char_display.o
 .bss.do_echo   0x00800258        0x1 serialio.o
 .bss.clockTicks
                0x00800259        0x4 timer0.o
 *(COMMON)
 COMMON         0x0080025d        0x8 score.o
                0x0080025d                high_score
                0x00800261                score
 COMMON         0x00800265      0x114 serialio.o
                0x00800265                out_insert_pos
                0x00800266                bytes_in_out_buffer
                0x00800267                out_buffer
                0x00800366                input_insert_pos
                0x00800367                input_buffer
                0x00800377                input_overrun
                0x00800378                bytes_in_input_buffer
 COMMON         0x00800379        0x6 d:/new folder/7.0/toolchain/avr8/avr8-gnu-toolchain/bin/../lib/gcc/avr/5.4.0/../../../../avr/lib/avr5\libc.a(iob.o)
                0x00800379                __iob
                0x0080037f                PROVIDE (__bss_end, .)
                0x000027e6                __data_load_start = LOADADDR (.data)
                0x000028a2                __data_load_end = (__data_load_start + SIZEOF (.data))

.noinit         0x0080037f        0x0
                [!provide]                PROVIDE (__noinit_start, .)
 *(.noinit*)
                [!provide]                PROVIDE (__noinit_end, .)
                0x0080037f                _end = .
                [!provide]                PROVIDE (__heap_start, .)

.eeprom         0x00810000        0x0
 *(.eeprom*)
                0x00810000                __eeprom_end = .

.fuse
 *(.fuse)
 *(.lfuse)
 *(.hfuse)
 *(.efuse)

.lock
 *(.lock*)

.signature
 *(.signature*)

.user_signatures
 *(.user_signatures*)

.stab
 *(.stab)

.stabstr
 *(.stabstr)

.stab.excl
 *(.stab.excl)

.stab.exclstr
 *(.stab.exclstr)

.stab.index
 *(.stab.index)

.stab.indexstr
 *(.stab.indexstr)

.comment        0x00000000       0x5c
 *(.comment)
 .comment       0x00000000       0x30 buttons.o
                                 0x31 (size before relaxing)
 .comment       0x00000030       0x31 game.o
 .comment       0x00000030       0x31 ledmatrix.o
 .comment       0x00000030       0x31 project.o
 .comment       0x00000030       0x31 score.o
 .comment       0x00000030       0x31 scrolling_char_display.o
 .comment       0x00000030       0x31 serialio.o
 .comment       0x00000030       0x31 spi.o
 .comment       0x00000030       0x31 terminalio.o
 .comment       0x00000030       0x31 timer0.o
 .comment       0x00000030       0x31 d:/new folder/7.0/toolchain/avr8/avr8-gnu-toolchain/bin/../lib/gcc/avr/5.4.0/../../../../avr/lib/avr5\libc.a(random.o)
 .comment       0x00000030       0x31 d:/new folder/7.0/toolchain/avr8/avr8-gnu-toolchain/bin/../lib/gcc/avr/5.4.0/../../../../avr/lib/avr5\libc.a(fgetc.o)
 .comment       0x00000030       0x31 d:/new folder/7.0/toolchain/avr8/avr8-gnu-toolchain/bin/../lib/gcc/avr/5.4.0/../../../../avr/lib/avr5\libc.a(iob.o)
 .comment       0x00000030       0x31 d:/new folder/7.0/toolchain/avr8/avr8-gnu-toolchain/bin/../lib/gcc/avr/5.4.0/../../../../avr/lib/avr5\libc.a(printf.o)
 .comment       0x00000030       0x31 d:/new folder/7.0/toolchain/avr8/avr8-gnu-toolchain/bin/../lib/gcc/avr/5.4.0/../../../../avr/lib/avr5\libc.a(printf_p.o)
 .comment       0x00000030       0x31 d:/new folder/7.0/toolchain/avr8/avr8-gnu-toolchain/bin/../lib/gcc/avr/5.4.0/../../../../avr/lib/avr5\libc.a(putchar.o)
 .comment       0x00000030       0x31 d:/new folder/7.0/toolchain/avr8/avr8-gnu-toolchain/bin/../lib/gcc/avr/5.4.0/../../../../avr/lib/avr5\libc.a(puts.o)
 .comment       0x00000030       0x2c d:/new folder/7.0/toolchain/avr8/avr8-gnu-toolchain/bin/../lib/gcc/avr/5.4.0/../../../../avr/lib/avr5\libc.a(vfprintf_std.o)
                                 0x2d (size before relaxing)
 .comment       0x0000005c       0x31 d:/new folder/7.0/toolchain/avr8/avr8-gnu-toolchain/bin/../lib/gcc/avr/5.4.0/../../../../avr/lib/avr5\libc.a(fputc.o)

.note.gnu.avr.deviceinfo
                0x00000000       0x40
 .note.gnu.avr.deviceinfo
                0x00000000       0x40 D:/New folder/7.0/Packs/atmel/ATmega_DFP/1.3.300/gcc/dev/atmega324a/avr5/crtatmega324a.o

.note.gnu.build-id
 *(.note.gnu.build-id)

.debug
 *(.debug)

.line
 *(.line)

.debug_srcinfo
 *(.debug_srcinfo)

.debug_sfnames
 *(.debug_sfnames)

.debug_aranges  0x00000000      0x368
 *(.debug_aranges)
 .debug_aranges
                0x00000000       0x30 buttons.o
 .debug_aranges
                0x00000030       0x98 game.o
 .debug_aranges
                0x000000c8       0x88 ledmatrix.o
 .debug_aranges
                0x00000150       0x60 project.o
 .debug_aranges
                0x000001b0       0x40 score.o
 .debug_aranges
                0x000001f0       0x28 scrolling_char_display.o
 .debug_aranges
                0x00000218       0x50 serialio.o
 .debug_aranges
                0x00000268       0x28 spi.o
 .debug_aranges
                0x00000290       0xa8 terminalio.o
 .debug_aranges
                0x00000338       0x30 timer0.o

.debug_pubnames
 *(.debug_pubnames)

.debug_info     0x00000000     0x3858
 *(.debug_info .gnu.linkonce.wi.*)
 .debug_info    0x00000000      0x6cc D:/New folder/7.0/Packs/atmel/ATmega_DFP/1.3.300/gcc/dev/atmega324a/avr5/crtatmega324a.o
 .debug_info    0x000006cc      0x193 buttons.o
 .debug_info    0x0000085f      0xf7f game.o
 .debug_info    0x000017de      0x530 ledmatrix.o
 .debug_info    0x00001d0e      0x8cd project.o
 .debug_info    0x000025db      0x146 score.o
 .debug_info    0x00002721      0x64d scrolling_char_display.o
 .debug_info    0x00002d6e      0x3e9 serialio.o
 .debug_info    0x00003157       0xc1 spi.o
 .debug_info    0x00003218      0x532 terminalio.o
 .debug_info    0x0000374a      0x10e timer0.o

.debug_abbrev   0x00000000     0x1476
 *(.debug_abbrev)
 .debug_abbrev  0x00000000      0x66e D:/New folder/7.0/Packs/atmel/ATmega_DFP/1.3.300/gcc/dev/atmega324a/avr5/crtatmega324a.o
 .debug_abbrev  0x0000066e       0xd6 buttons.o
 .debug_abbrev  0x00000744      0x3be game.o
 .debug_abbrev  0x00000b02      0x137 ledmatrix.o
 .debug_abbrev  0x00000c39      0x24c project.o
 .debug_abbrev  0x00000e85       0xa5 score.o
 .debug_abbrev  0x00000f2a      0x122 scrolling_char_display.o
 .debug_abbrev  0x0000104c      0x230 serialio.o
 .debug_abbrev  0x0000127c       0x7c spi.o
 .debug_abbrev  0x000012f8       0xe3 terminalio.o
 .debug_abbrev  0x000013db       0x9b timer0.o

.debug_line     0x00000000     0x1dd9
 *(.debug_line .debug_line.* .debug_line_end)
 .debug_line    0x00000000      0x151 D:/New folder/7.0/Packs/atmel/ATmega_DFP/1.3.300/gcc/dev/atmega324a/avr5/crtatmega324a.o
 .debug_line    0x00000151      0x151 buttons.o
 .debug_line    0x000002a2      0x858 game.o
 .debug_line    0x00000afa      0x2d8 ledmatrix.o
 .debug_line    0x00000dd2      0x53f project.o
 .debug_line    0x00001311       0xf0 score.o
 .debug_line    0x00001401      0x22e scrolling_char_display.o
 .debug_line    0x0000162f      0x2a3 serialio.o
 .debug_line    0x000018d2       0xfe spi.o
 .debug_line    0x000019d0      0x307 terminalio.o
 .debug_line    0x00001cd7      0x102 timer0.o

.debug_frame    0x00000000      0xab4
 *(.debug_frame)
 .debug_frame   0x00000000       0x80 buttons.o
 .debug_frame   0x00000080      0x324 game.o
 .debug_frame   0x000003a4      0x154 ledmatrix.o
 .debug_frame   0x000004f8      0x138 project.o
 .debug_frame   0x00000630       0x64 score.o
 .debug_frame   0x00000694       0x50 scrolling_char_display.o
 .debug_frame   0x000006e4       0xfc serialio.o
 .debug_frame   0x000007e0       0x34 spi.o
 .debug_frame   0x00000814      0x23c terminalio.o
 .debug_frame   0x00000a50       0x64 timer0.o

.debug_str      0x00000000     0x109b
 *(.debug_str)
 .debug_str     0x00000000      0x255 D:/New folder/7.0/Packs/atmel/ATmega_DFP/1.3.300/gcc/dev/atmega324a/avr5/crtatmega324a.o
 .debug_str     0x00000255      0x1cd buttons.o
                                0x215 (size before relaxing)
 .debug_str     0x00000422      0x445 game.o
                                0x630 (size before relaxing)
 .debug_str     0x00000867      0x185 ledmatrix.o
                                0x31f (size before relaxing)
 .debug_str     0x000009ec      0x24d project.o
                                0x4d1 (size before relaxing)
 .debug_str     0x00000c39       0x4b score.o
                                0x1cb (size before relaxing)
 .debug_str     0x00000c84      0x1b9 scrolling_char_display.o
                                0x3b3 (size before relaxing)
 .debug_str     0x00000e3d       0xda serialio.o
                                0x2db (size before relaxing)
 .debug_str     0x00000f17       0x18 spi.o
                                0x19b (size before relaxing)
 .debug_str     0x00000f2f      0x12e terminalio.o
                                0x3e7 (size before relaxing)
 .debug_str     0x0000105d       0x3e timer0.o
                                0x1cc (size before relaxing)

.debug_loc      0x00000000     0x2e7b
 *(.debug_loc)
 .debug_loc     0x00000000      0x179 buttons.o
 .debug_loc     0x00000179     0x14d0 game.o
 .debug_loc     0x00001649      0x54a ledmatrix.o
 .debug_loc     0x00001b93      0x687 project.o
 .debug_loc     0x0000221a      0x242 scrolling_char_display.o
 .debug_loc     0x0000245c      0x28b serialio.o
 .debug_loc     0x000026e7       0x59 spi.o
 .debug_loc     0x00002740      0x6d8 terminalio.o
 .debug_loc     0x00002e18       0x63 timer0.o

.debug_macinfo
 *(.debug_macinfo)

.debug_weaknames
 *(.debug_weaknames)

.debug_funcnames
 *(.debug_funcnames)

.debug_typenames
 *(.debug_typenames)

.debug_varnames
 *(.debug_varnames)

.debug_pubtypes
 *(.debug_pubtypes)

.debug_ranges   0x00000000      0x418
 *(.debug_ranges)
 .debug_ranges  0x00000000       0x20 buttons.o
 .debug_ranges  0x00000020      0x1d8 game.o
 .debug_ranges  0x000001f8       0x78 ledmatrix.o
 .debug_ranges  0x00000270       0x50 project.o
 .debug_ranges  0x000002c0       0x30 score.o
 .debug_ranges  0x000002f0       0x18 scrolling_char_display.o
 .debug_ranges  0x00000308       0x40 serialio.o
 .debug_ranges  0x00000348       0x18 spi.o
 .debug_ranges  0x00000360       0x98 terminalio.o
 .debug_ranges  0x000003f8       0x20 timer0.o

.debug_macro
 *(.debug_macro)
OUTPUT(pacman.elf elf32-avr)
LOAD linker stubs
